2024-01-07T21:08:45.199+0800	info	logger/loggerCore.go:79	/	{"status": 404, "method": "GET", "path": "/", "query": "", "ip": "::1", "user-agent": "Mozilla/5.0 (Macintosh; Intel Mac OS X 10_15_7) AppleWebKit/537.36 (KHTML, like Gecko) Chrome/117.0.0.0 Safari/537.36", "errors": "", "cost": 0.000000792}
2024-01-07T21:08:45.957+0800	info	logger/loggerCore.go:79	/	{"status": 404, "method": "GET", "path": "/", "query": "", "ip": "::1", "user-agent": "Mozilla/5.0 (Macintosh; Intel Mac OS X 10_15_7) AppleWebKit/537.36 (KHTML, like Gecko) Chrome/117.0.0.0 Safari/537.36", "errors": "", "cost": 0.000001542}
2024-01-07T21:08:46.032+0800	info	logger/loggerCore.go:79	/favicon.ico	{"status": 404, "method": "GET", "path": "/favicon.ico", "query": "", "ip": "::1", "user-agent": "Mozilla/5.0 (Macintosh; Intel Mac OS X 10_15_7) AppleWebKit/537.36 (KHTML, like Gecko) Chrome/117.0.0.0 Safari/537.36", "errors": "", "cost": 0.000001166}
2024-01-07T21:08:53.916+0800	info	logger/loggerCore.go:79	/hello	{"status": 200, "method": "GET", "path": "/hello", "query": "", "ip": "::1", "user-agent": "Mozilla/5.0 (Macintosh; Intel Mac OS X 10_15_7) AppleWebKit/537.36 (KHTML, like Gecko) Chrome/117.0.0.0 Safari/537.36", "errors": "", "cost": 0.000032542}
